../Middlewares/LVGL/lvgl/src/misc/lv_math.c:126:9:lv_cubic_bezier.part.0	48	static
../Middlewares/LVGL/lvgl/src/misc/lv_math.c:52:31:lv_trigo_sin	0	static
../Middlewares/LVGL/lvgl/src/misc/lv_math.c:126:9:lv_cubic_bezier	4	static
../Middlewares/LVGL/lvgl/src/misc/lv_math.c:208:28:lv_sqrt	4	static
../Middlewares/LVGL/lvgl/src/misc/lv_math.c:232:31:lv_sqrt32	0	static
../Middlewares/LVGL/lvgl/src/misc/lv_math.c:314:10:lv_atan2	0	static
../Middlewares/LVGL/lvgl/src/misc/lv_math.c:391:9:lv_pow	8	static
../Middlewares/LVGL/lvgl/src/misc/lv_math.c:404:9:lv_map	4	static
../Middlewares/LVGL/lvgl/src/misc/lv_math.c:425:6:lv_rand_set_seed	0	static
../Middlewares/LVGL/lvgl/src/misc/lv_math.c:430:10:lv_rand	0	static
../Middlewares/LVGL/lvgl/src/misc/lv_math.c:442:31:lv_trigo_cos	0	static
../Middlewares/LVGL/lvgl/src/misc/lv_math.c:447:9:lv_bezier3	4	static
