../Middlewares/LVGL/lvgl/src/misc/lv_style.c:176:6:lv_style_init	0	static
../Middlewares/LVGL/lvgl/src/misc/lv_style.c:190:6:lv_style_reset	8	static
../Middlewares/LVGL/lvgl/src/misc/lv_style.c:201:17:lv_style_register_prop	16	static
../Middlewares/LVGL/lvgl/src/misc/lv_style.c:237:17:lv_style_get_num_custom_props	0	static
../Middlewares/LVGL/lvgl/src/misc/lv_style.c:242:6:lv_style_remove_prop	24	static
../Middlewares/LVGL/lvgl/src/misc/lv_style.c:295:6:lv_style_set_prop	24	static
../Middlewares/LVGL/lvgl/src/misc/lv_style.c:350:16:lv_style_get_prop	8	static
../Middlewares/LVGL/lvgl/src/misc/lv_style.c:355:6:lv_style_transition_dsc_init	24	static
../Middlewares/LVGL/lvgl/src/misc/lv_style.c:366:18:lv_style_prop_get_default	8	static
../Middlewares/LVGL/lvgl/src/misc/lv_style.c:434:6:lv_style_is_empty	0	static
../Middlewares/LVGL/lvgl/src/misc/lv_style.c:441:9:lv_style_prop_lookup_flags	0	static
