../Middlewares/LVGL/lvgl/src/display/lv_display.c:1183:13:disp_event_cb	16	static
../Middlewares/LVGL/lvgl/src/display/lv_display.c:1104:31:invalidate_layout_cb	8	static
../Middlewares/LVGL/lvgl/src/display/lv_display.c:1134:13:scr_load_anim_start	8	static
../Middlewares/LVGL/lvgl/src/display/lv_display.c:1159:13:scr_anim_completed	16	static
../Middlewares/LVGL/lvgl/src/display/lv_display.c:1144:13:opa_scale_anim	0	static
../Middlewares/LVGL/lvgl/src/display/lv_display.c:1154:13:set_y_anim	0	static
../Middlewares/LVGL/lvgl/src/display/lv_display.c:1149:13:set_x_anim	0	static
../Middlewares/LVGL/lvgl/src/display/lv_display.c:1111:13:scr_load_internal.part.0	24	static
../Middlewares/LVGL/lvgl/src/display/lv_display.c:62:16:lv_display_create	40	static
../Middlewares/LVGL/lvgl/src/display/lv_display.c:221:6:lv_display_set_default	0	static
../Middlewares/LVGL/lvgl/src/display/lv_display.c:226:16:lv_display_get_default	0	static
../Middlewares/LVGL/lvgl/src/display/lv_display.c:231:16:lv_display_get_next	0	static
../Middlewares/LVGL/lvgl/src/display/lv_display.c:256:6:lv_display_set_physical_resolution	0	static
../Middlewares/LVGL/lvgl/src/display/lv_display.c:268:6:lv_display_set_offset	0	static
../Middlewares/LVGL/lvgl/src/display/lv_display.c:280:6:lv_display_set_dpi	0	static
../Middlewares/LVGL/lvgl/src/display/lv_display.c:288:9:lv_display_get_horizontal_resolution	0	static
../Middlewares/LVGL/lvgl/src/display/lv_display.c:306:9:lv_display_get_vertical_resolution	0	static
../Middlewares/LVGL/lvgl/src/display/lv_display.c:324:9:lv_display_get_physical_horizontal_resolution	0	static
../Middlewares/LVGL/lvgl/src/display/lv_display.c:342:9:lv_display_get_physical_vertical_resolution	0	static
../Middlewares/LVGL/lvgl/src/display/lv_display.c:360:9:lv_display_get_offset_x	0	static
../Middlewares/LVGL/lvgl/src/display/lv_display.c:381:9:lv_display_get_offset_y	0	static
../Middlewares/LVGL/lvgl/src/display/lv_display.c:402:9:lv_display_get_dpi	0	static
../Middlewares/LVGL/lvgl/src/display/lv_display.c:413:6:lv_display_set_draw_buffers	0	static
../Middlewares/LVGL/lvgl/src/display/lv_display.c:423:6:lv_display_set_buffers	64	static
../Middlewares/LVGL/lvgl/src/display/lv_display.c:454:6:lv_display_set_buffers_with_stride	64	static
../Middlewares/LVGL/lvgl/src/display/lv_display.c:479:6:lv_display_set_render_mode	0	static
../Middlewares/LVGL/lvgl/src/display/lv_display.c:486:6:lv_display_set_flush_cb	0	static
../Middlewares/LVGL/lvgl/src/display/lv_display.c:494:6:lv_display_set_flush_wait_cb	0	static
../Middlewares/LVGL/lvgl/src/display/lv_display.c:515:19:lv_display_get_color_format	0	static
../Middlewares/LVGL/lvgl/src/display/lv_display.c:523:6:lv_display_set_tile_cnt	0	static
../Middlewares/LVGL/lvgl/src/display/lv_display.c:533:10:lv_display_get_tile_cnt	0	static
../Middlewares/LVGL/lvgl/src/display/lv_display.c:541:6:lv_display_set_antialiasing	0	static
../Middlewares/LVGL/lvgl/src/display/lv_display.c:549:6:lv_display_get_antialiasing	0	static
../Middlewares/LVGL/lvgl/src/display/lv_display.c:557:31:lv_display_flush_ready	0	static
../Middlewares/LVGL/lvgl/src/display/lv_display.c:562:31:lv_display_flush_is_last	0	static
../Middlewares/LVGL/lvgl/src/display/lv_display.c:567:6:lv_display_is_double_buffered	0	static
../Middlewares/LVGL/lvgl/src/display/lv_display.c:576:12:lv_display_get_screen_active	0	static
../Middlewares/LVGL/lvgl/src/display/lv_display.c:587:12:lv_display_get_screen_prev	0	static
../Middlewares/LVGL/lvgl/src/display/lv_display.c:598:12:lv_display_get_layer_top	0	static
../Middlewares/LVGL/lvgl/src/display/lv_display.c:609:12:lv_display_get_layer_sys	0	static
../Middlewares/LVGL/lvgl/src/display/lv_display.c:620:12:lv_display_get_layer_bottom	0	static
../Middlewares/LVGL/lvgl/src/display/lv_display.c:636:6:lv_screen_load_anim	208	static
../Middlewares/LVGL/lvgl/src/display/lv_display.c:631:6:lv_screen_load	16	static
../Middlewares/LVGL/lvgl/src/display/lv_display.c:784:6:lv_display_add_event_cb	0	static
../Middlewares/LVGL/lvgl/src/display/lv_display.c:791:10:lv_display_get_event_count	0	static
../Middlewares/LVGL/lvgl/src/display/lv_display.c:797:18:lv_display_get_event_dsc	0	static
../Middlewares/LVGL/lvgl/src/display/lv_display.c:804:6:lv_display_delete_event	0	static
../Middlewares/LVGL/lvgl/src/display/lv_display.c:811:10:lv_display_remove_event_cb_with_user_data	24	static
../Middlewares/LVGL/lvgl/src/display/lv_display.c:830:13:lv_display_send_event	56	static
../Middlewares/LVGL/lvgl/src/display/lv_display.c:165:6:lv_display_delete	24	static
../Middlewares/LVGL/lvgl/src/display/lv_display.c:1068:13:update_resolution	40	static
../Middlewares/LVGL/lvgl/src/display/lv_display.c:243:6:lv_display_set_resolution	0	static
../Middlewares/LVGL/lvgl/src/display/lv_display.c:502:6:lv_display_set_color_format	0	static
../Middlewares/LVGL/lvgl/src/display/lv_display.c:849:13:lv_event_get_invalidated_area	0	static
../Middlewares/LVGL/lvgl/src/display/lv_display.c:860:6:lv_display_set_rotation	0	static
../Middlewares/LVGL/lvgl/src/display/lv_display.c:869:23:lv_display_get_rotation	0	static
../Middlewares/LVGL/lvgl/src/display/lv_display.c:876:6:lv_display_set_theme	8	static
../Middlewares/LVGL/lvgl/src/display/lv_display.c:894:14:lv_display_get_theme	0	static
../Middlewares/LVGL/lvgl/src/display/lv_display.c:900:10:lv_display_get_inactive_time	16	static
../Middlewares/LVGL/lvgl/src/display/lv_display.c:916:6:lv_display_trigger_activity	8	static
../Middlewares/LVGL/lvgl/src/display/lv_display.c:927:6:lv_display_enable_invalidation	0	static
../Middlewares/LVGL/lvgl/src/display/lv_display.c:938:6:lv_display_is_invalidation_enabled	0	static
../Middlewares/LVGL/lvgl/src/display/lv_display.c:949:14:lv_display_get_refr_timer	0	static
../Middlewares/LVGL/lvgl/src/display/lv_display.c:957:6:lv_display_delete_refr_timer	8	static
../Middlewares/LVGL/lvgl/src/display/lv_display.c:966:6:lv_display_set_user_data	0	static
../Middlewares/LVGL/lvgl/src/display/lv_display.c:973:6:lv_display_set_driver_data	0	static
../Middlewares/LVGL/lvgl/src/display/lv_display.c:981:8:lv_display_get_user_data	0	static
../Middlewares/LVGL/lvgl/src/display/lv_display.c:988:8:lv_display_get_driver_data	0	static
../Middlewares/LVGL/lvgl/src/display/lv_display.c:996:17:lv_display_get_buf_active	0	static
../Middlewares/LVGL/lvgl/src/display/lv_display.c:1003:6:lv_display_rotate_area	24	static
../Middlewares/LVGL/lvgl/src/display/lv_display.c:1034:12:lv_screen_active	0	static
../Middlewares/LVGL/lvgl/src/display/lv_display.c:1039:12:lv_layer_top	0	static
../Middlewares/LVGL/lvgl/src/display/lv_display.c:1044:12:lv_layer_sys	0	static
../Middlewares/LVGL/lvgl/src/display/lv_display.c:1049:12:lv_layer_bottom	0	static
../Middlewares/LVGL/lvgl/src/display/lv_display.c:1054:9:lv_dpx	0	static
../Middlewares/LVGL/lvgl/src/display/lv_display.c:1059:9:lv_display_dpx	0	static
