../Middlewares/LVGL/lvgl/src/widgets/tabview/lv_tabview.c:61:12:lv_tabview_create	8	static
../Middlewares/LVGL/lvgl/src/widgets/tabview/lv_tabview.c:99:6:lv_tabview_rename_tab	16	static
../Middlewares/LVGL/lvgl/src/widgets/tabview/lv_tabview.c:109:6:lv_tabview_set_active	40	static
../Middlewares/LVGL/lvgl/src/widgets/tabview/lv_tabview.c:289:13:lv_tabview_event	8	static
../Middlewares/LVGL/lvgl/src/widgets/tabview/lv_tabview.c:312:13:cont_scroll_end_event_cb	32	static
../Middlewares/LVGL/lvgl/src/widgets/tabview/lv_tabview.c:303:13:button_clicked_event_cb	16	static
../Middlewares/LVGL/lvgl/src/widgets/tabview/lv_tabview.c:70:12:lv_tabview_add_tab	32	static
../Middlewares/LVGL/lvgl/src/widgets/tabview/lv_tabview.c:155:6:lv_tabview_set_tab_bar_position	24	static
../Middlewares/LVGL/lvgl/src/widgets/tabview/lv_tabview.c:267:13:lv_tabview_constructor	16	static
../Middlewares/LVGL/lvgl/src/widgets/tabview/lv_tabview.c:224:6:lv_tabview_set_tab_bar_size	16	static
../Middlewares/LVGL/lvgl/src/widgets/tabview/lv_tabview.c:239:10:lv_tabview_get_tab_active	0	static
../Middlewares/LVGL/lvgl/src/widgets/tabview/lv_tabview.c:246:10:lv_tabview_get_tab_count	8	static
../Middlewares/LVGL/lvgl/src/widgets/tabview/lv_tabview.c:253:12:lv_tabview_get_content	0	static
../Middlewares/LVGL/lvgl/src/widgets/tabview/lv_tabview.c:258:12:lv_tabview_get_tab_bar	0	static
