../Middlewares/LVGL/lvgl/src/widgets/chart/lv_chart.c:783:13:draw_series_line	352	static
../Middlewares/LVGL/lvgl/src/widgets/chart/lv_chart.c:936:13:draw_series_scatter	304	static
../Middlewares/LVGL/lvgl/src/widgets/chart/lv_chart.c:631:13:lv_chart_destructor	16	static
../Middlewares/LVGL/lvgl/src/widgets/chart/lv_chart.c:602:13:lv_chart_constructor	8	static
../Middlewares/LVGL/lvgl/src/widgets/chart/lv_chart.c:1314:13:new_points_alloc	24	static
../Middlewares/LVGL/lvgl/src/widgets/chart/lv_chart.c:1252:13:invalidate_point.part.0	48	static
../Middlewares/LVGL/lvgl/src/widgets/chart/lv_chart.c:212:6:lv_chart_get_point_pos_by_id.part.0	72	static
../Middlewares/LVGL/lvgl/src/widgets/chart/lv_chart.c:1133:13:draw_cursors	456	static
../Middlewares/LVGL/lvgl/src/widgets/chart/lv_chart.c:661:13:lv_chart_event	240	static
../Middlewares/LVGL/lvgl/src/widgets/chart/lv_chart.c:71:12:lv_chart_create	8	static
../Middlewares/LVGL/lvgl/src/widgets/chart/lv_chart.c:79:6:lv_chart_set_type	24	static
../Middlewares/LVGL/lvgl/src/widgets/chart/lv_chart.c:108:6:lv_chart_set_point_count	24	static
../Middlewares/LVGL/lvgl/src/widgets/chart/lv_chart.c:132:6:lv_chart_set_range	0	static
../Middlewares/LVGL/lvgl/src/widgets/chart/lv_chart.c:164:6:lv_chart_set_update_mode	0	static
../Middlewares/LVGL/lvgl/src/widgets/chart/lv_chart.c:175:6:lv_chart_set_div_line_count	0	static
../Middlewares/LVGL/lvgl/src/widgets/chart/lv_chart.c:188:17:lv_chart_get_type	0	static
../Middlewares/LVGL/lvgl/src/widgets/chart/lv_chart.c:196:10:lv_chart_get_point_count	0	static
../Middlewares/LVGL/lvgl/src/widgets/chart/lv_chart.c:204:10:lv_chart_get_x_start_point	0	static
../Middlewares/LVGL/lvgl/src/widgets/chart/lv_chart.c:212:6:lv_chart_get_point_pos_by_id	12	static
../Middlewares/LVGL/lvgl/src/widgets/chart/lv_chart.c:273:6:lv_chart_refresh	0	static
../Middlewares/LVGL/lvgl/src/widgets/chart/lv_chart.c:284:21:lv_chart_add_series	32	static
../Middlewares/LVGL/lvgl/src/widgets/chart/lv_chart.c:346:6:lv_chart_remove_series	16	static
../Middlewares/LVGL/lvgl/src/widgets/chart/lv_chart.c:361:6:lv_chart_hide_series	0	static
../Middlewares/LVGL/lvgl/src/widgets/chart/lv_chart.c:370:6:lv_chart_set_series_color	8	static
../Middlewares/LVGL/lvgl/src/widgets/chart/lv_chart.c:379:12:lv_chart_get_series_color	8	static
../Middlewares/LVGL/lvgl/src/widgets/chart/lv_chart.c:388:6:lv_chart_set_x_start_point	0	static
../Middlewares/LVGL/lvgl/src/widgets/chart/lv_chart.c:398:21:lv_chart_get_series_next	0	static
../Middlewares/LVGL/lvgl/src/widgets/chart/lv_chart.c:411:22:lv_chart_add_cursor	24	static
../Middlewares/LVGL/lvgl/src/widgets/chart/lv_chart.c:429:6:lv_chart_set_cursor_pos	4	static
../Middlewares/LVGL/lvgl/src/widgets/chart/lv_chart.c:439:6:lv_chart_set_cursor_point	16	static
../Middlewares/LVGL/lvgl/src/widgets/chart/lv_chart.c:451:12:lv_chart_get_cursor_point	0	static
../Middlewares/LVGL/lvgl/src/widgets/chart/lv_chart.c:463:6:lv_chart_set_all_value	4	static
../Middlewares/LVGL/lvgl/src/widgets/chart/lv_chart.c:477:6:lv_chart_set_next_value	16	static
../Middlewares/LVGL/lvgl/src/widgets/chart/lv_chart.c:489:6:lv_chart_set_next_value2	8	static
../Middlewares/LVGL/lvgl/src/widgets/chart/lv_chart.c:507:6:lv_chart_set_value_by_id	4	static
../Middlewares/LVGL/lvgl/src/widgets/chart/lv_chart.c:518:6:lv_chart_set_value_by_id2	12	static
../Middlewares/LVGL/lvgl/src/widgets/chart/lv_chart.c:536:6:lv_chart_set_ext_y_array	16	static
../Middlewares/LVGL/lvgl/src/widgets/chart/lv_chart.c:547:6:lv_chart_set_ext_x_array	16	static
../Middlewares/LVGL/lvgl/src/widgets/chart/lv_chart.c:558:11:lv_chart_get_y_array	0	static
../Middlewares/LVGL/lvgl/src/widgets/chart/lv_chart.c:566:11:lv_chart_get_x_array	0	static
../Middlewares/LVGL/lvgl/src/widgets/chart/lv_chart.c:574:10:lv_chart_get_pressed_point	0	static
../Middlewares/LVGL/lvgl/src/widgets/chart/lv_chart.c:580:9:lv_chart_get_first_point_center_offset	24	static
