../Middlewares/LVGL/lvgl/src/core/lv_obj_pos.c:1151:13:transform_point_array	80	static
../Middlewares/LVGL/lvgl/src/core/lv_obj_pos.c:49:6:lv_obj_set_pos	24	static
../Middlewares/LVGL/lvgl/src/core/lv_obj_pos.c:57:6:lv_obj_set_x	24	static
../Middlewares/LVGL/lvgl/src/core/lv_obj_pos.c:71:6:lv_obj_set_y	24	static
../Middlewares/LVGL/lvgl/src/core/lv_obj_pos.c:211:6:lv_obj_set_size	24	static
../Middlewares/LVGL/lvgl/src/core/lv_obj_pos.c:219:6:lv_obj_set_width	24	static
../Middlewares/LVGL/lvgl/src/core/lv_obj_pos.c:232:6:lv_obj_set_height	24	static
../Middlewares/LVGL/lvgl/src/core/lv_obj_pos.c:245:6:lv_obj_set_content_width	32	static
../Middlewares/LVGL/lvgl/src/core/lv_obj_pos.c:252:6:lv_obj_set_content_height	32	static
../Middlewares/LVGL/lvgl/src/core/lv_obj_pos.c:259:6:lv_obj_set_layout	8	static
../Middlewares/LVGL/lvgl/src/core/lv_obj_pos.c:268:6:lv_obj_is_layout_positioned	24	static
../Middlewares/LVGL/lvgl/src/core/lv_obj_pos.c:280:6:lv_obj_mark_layout_as_dirty	8	static
../Middlewares/LVGL/lvgl/src/core/lv_obj_pos.c:315:6:lv_obj_set_align	0	static
../Middlewares/LVGL/lvgl/src/core/lv_obj_pos.c:320:6:lv_obj_align	24	static
../Middlewares/LVGL/lvgl/src/core/lv_obj_pos.c:476:6:lv_obj_get_coords	8	static
../Middlewares/LVGL/lvgl/src/core/lv_obj_pos.c:483:9:lv_obj_get_x	24	static
../Middlewares/LVGL/lvgl/src/core/lv_obj_pos.c:500:9:lv_obj_get_x2	32	static
../Middlewares/LVGL/lvgl/src/core/lv_obj_pos.c:507:9:lv_obj_get_y	24	static
../Middlewares/LVGL/lvgl/src/core/lv_obj_pos.c:524:9:lv_obj_get_y2	32	static
../Middlewares/LVGL/lvgl/src/core/lv_obj_pos.c:531:9:lv_obj_get_x_aligned	16	static
../Middlewares/LVGL/lvgl/src/core/lv_obj_pos.c:536:9:lv_obj_get_y_aligned	16	static
../Middlewares/LVGL/lvgl/src/core/lv_obj_pos.c:541:9:lv_obj_get_width	0	static
../Middlewares/LVGL/lvgl/src/core/lv_obj_pos.c:548:9:lv_obj_get_height	0	static
../Middlewares/LVGL/lvgl/src/core/lv_obj_pos.c:555:9:lv_obj_get_content_width	32	static
../Middlewares/LVGL/lvgl/src/core/lv_obj_pos.c:565:9:lv_obj_get_content_height	32	static
../Middlewares/LVGL/lvgl/src/core/lv_obj_pos.c:575:6:lv_obj_get_content_coords	32	static
../Middlewares/LVGL/lvgl/src/core/lv_obj_pos.c:587:9:lv_obj_get_self_width	16	static
../Middlewares/LVGL/lvgl/src/core/lv_obj_pos.c:594:9:lv_obj_get_self_height	16	static
../Middlewares/LVGL/lvgl/src/core/lv_obj_pos.c:601:6:lv_obj_refresh_self_size	24	static
../Middlewares/LVGL/lvgl/src/core/lv_obj_pos.c:756:6:lv_obj_move_children_by	32	static
../Middlewares/LVGL/lvgl/src/core/lv_obj_pos.c:777:6:lv_obj_transform_point_array	32	static
../Middlewares/LVGL/lvgl/src/core/lv_obj_pos.c:772:6:lv_obj_transform_point	0	static
../Middlewares/LVGL/lvgl/src/core/lv_obj_pos.c:796:6:lv_obj_get_transformed_area	56	static
../Middlewares/LVGL/lvgl/src/core/lv_obj_pos.c:857:6:lv_obj_area_is_visible	56	static
../Middlewares/LVGL/lvgl/src/core/lv_obj_pos.c:813:6:lv_obj_invalidate_area	32	static
../Middlewares/LVGL/lvgl/src/core/lv_obj_pos.c:841:6:lv_obj_invalidate	24	static
../Middlewares/LVGL/lvgl/src/core/lv_obj_pos.c:687:6:lv_obj_move_to	80	static
../Middlewares/LVGL/lvgl/src/core/lv_obj_pos.c:611:6:lv_obj_refr_pos.part.0	64	static
../Middlewares/LVGL/lvgl/src/core/lv_obj_pos.c:611:6:lv_obj_refr_pos	8	static
../Middlewares/LVGL/lvgl/src/core/lv_obj_pos.c:905:6:lv_obj_is_visible	24	static
../Middlewares/LVGL/lvgl/src/core/lv_obj_pos.c:920:6:lv_obj_set_ext_click_area	16	static
../Middlewares/LVGL/lvgl/src/core/lv_obj_pos.c:928:6:lv_obj_get_click_area	8	static
../Middlewares/LVGL/lvgl/src/core/lv_obj_pos.c:936:6:lv_obj_hit_test	40	static
../Middlewares/LVGL/lvgl/src/core/lv_obj_pos.c:956:9:lv_clamp_width	8	static
../Middlewares/LVGL/lvgl/src/core/lv_obj_pos.c:85:6:lv_obj_refr_size	112	static
../Middlewares/LVGL/lvgl/src/core/lv_obj_pos.c:1126:13:layout_update_core	16	static
../Middlewares/LVGL/lvgl/src/core/lv_obj_pos.c:326:6:lv_obj_align_to	56	static
../Middlewares/LVGL/lvgl/src/core/lv_obj_pos.c:293:6:lv_obj_update_layout	16	static
../Middlewares/LVGL/lvgl/src/core/lv_obj_pos.c:963:9:lv_clamp_height	8	static
../Middlewares/LVGL/lvgl/src/core/lv_obj_pos.c:970:6:lv_obj_center	16	static
