../Middlewares/LVGL/lvgl/src/core/lv_obj_event.c:75:13:lv_obj_event_base	8	static
../Middlewares/LVGL/lvgl/src/core/lv_obj_event.c:346:20:event_send_core	16	static
../Middlewares/LVGL/lvgl/src/core/lv_obj_event.c:48:13:lv_obj_send_event	40	static
../Middlewares/LVGL/lvgl/src/core/lv_obj_event.c:98:18:lv_obj_add_event_cb	24	static
../Middlewares/LVGL/lvgl/src/core/lv_obj_event.c:106:10:lv_obj_get_event_count	0	static
../Middlewares/LVGL/lvgl/src/core/lv_obj_event.c:113:18:lv_obj_get_event_dsc	0	static
../Middlewares/LVGL/lvgl/src/core/lv_obj_event.c:120:6:lv_obj_remove_event	0	static
../Middlewares/LVGL/lvgl/src/core/lv_obj_event.c:127:6:lv_obj_remove_event_cb	24	static
../Middlewares/LVGL/lvgl/src/core/lv_obj_event.c:144:6:lv_obj_remove_event_dsc	0	static
../Middlewares/LVGL/lvgl/src/core/lv_obj_event.c:152:10:lv_obj_remove_event_cb_with_user_data	24	static
../Middlewares/LVGL/lvgl/src/core/lv_obj_event.c:171:12:lv_event_get_current_target_obj	0	static
../Middlewares/LVGL/lvgl/src/core/lv_obj_event.c:176:12:lv_event_get_target_obj	0	static
../Middlewares/LVGL/lvgl/src/core/lv_obj_event.c:181:14:lv_event_get_indev	0	static
../Middlewares/LVGL/lvgl/src/core/lv_obj_event.c:210:14:lv_event_get_layer	0	static
../Middlewares/LVGL/lvgl/src/core/lv_obj_event.c:226:19:lv_event_get_old_size	0	static
../Middlewares/LVGL/lvgl/src/core/lv_obj_event.c:237:10:lv_event_get_key	8	static
../Middlewares/LVGL/lvgl/src/core/lv_obj_event.c:250:9:lv_event_get_rotary_diff	8	static
../Middlewares/LVGL/lvgl/src/core/lv_obj_event.c:263:13:lv_event_get_scroll_anim	0	static
../Middlewares/LVGL/lvgl/src/core/lv_obj_event.c:274:6:lv_event_set_ext_draw_size	8	static
../Middlewares/LVGL/lvgl/src/core/lv_obj_event.c:285:14:lv_event_get_self_size_info	0	static
../Middlewares/LVGL/lvgl/src/core/lv_obj_event.c:296:22:lv_event_get_hit_test_info	0	static
../Middlewares/LVGL/lvgl/src/core/lv_obj_event.c:307:19:lv_event_get_cover_area	8	static
../Middlewares/LVGL/lvgl/src/core/lv_obj_event.c:319:6:lv_event_set_cover_res	8	static
../Middlewares/LVGL/lvgl/src/core/lv_obj_event.c:330:18:lv_event_get_draw_task	0	static
