../Middlewares/LVGL/lvgl/src/core/lv_obj.c:518:13:lv_obj_destructor	8	static
../Middlewares/LVGL/lvgl/src/core/lv_obj.c:483:13:lv_obj_constructor	32	static
../Middlewares/LVGL/lvgl/src/core/lv_obj.c:996:13:null_on_delete_cb	8	static
../Middlewares/LVGL/lvgl/src/core/lv_obj.c:897:13:update_obj_state	80	static
../Middlewares/LVGL/lvgl/src/core/lv_obj.c:975:13:obj_valid_child.isra	24	static
../Middlewares/LVGL/lvgl/src/core/lv_obj.c:728:13:lv_obj_event	176	static
../Middlewares/LVGL/lvgl/src/core/lv_obj.c:213:12:lv_obj_create	8	static
../Middlewares/LVGL/lvgl/src/core/lv_obj.c:231:6:lv_obj_add_flag	56	static
../Middlewares/LVGL/lvgl/src/core/lv_obj.c:270:6:lv_obj_remove_flag	48	static
../Middlewares/LVGL/lvgl/src/core/lv_obj.c:300:6:lv_obj_update_flag	0	static
../Middlewares/LVGL/lvgl/src/core/lv_obj.c:306:6:lv_obj_add_state	16	static
../Middlewares/LVGL/lvgl/src/core/lv_obj.c:321:6:lv_obj_remove_state	0	static
../Middlewares/LVGL/lvgl/src/core/lv_obj.c:331:6:lv_obj_set_state	16	static
../Middlewares/LVGL/lvgl/src/core/lv_obj.c:341:6:lv_obj_has_flag	0	static
../Middlewares/LVGL/lvgl/src/core/lv_obj.c:348:6:lv_obj_has_flag_any	0	static
../Middlewares/LVGL/lvgl/src/core/lv_obj.c:355:12:lv_obj_get_state	0	static
../Middlewares/LVGL/lvgl/src/core/lv_obj.c:362:6:lv_obj_has_state	0	static
../Middlewares/LVGL/lvgl/src/core/lv_obj.c:369:14:lv_obj_get_group	0	static
../Middlewares/LVGL/lvgl/src/core/lv_obj.c:381:6:lv_obj_allocate_spec_attr	8	static
../Middlewares/LVGL/lvgl/src/core/lv_obj.c:395:6:lv_obj_check_type	0	static
../Middlewares/LVGL/lvgl/src/core/lv_obj.c:401:6:lv_obj_has_class	0	static
../Middlewares/LVGL/lvgl/src/core/lv_obj.c:412:24:lv_obj_get_class	0	static
../Middlewares/LVGL/lvgl/src/core/lv_obj.c:417:6:lv_obj_is_valid	24	static
../Middlewares/LVGL/lvgl/src/core/lv_obj.c:434:6:lv_obj_null_on_delete	0	static
../Middlewares/LVGL/lvgl/src/core/lv_obj.c:469:6:lv_obj_set_user_data	0	static
../Middlewares/LVGL/lvgl/src/core/lv_obj.c:474:8:lv_obj_get_user_data	0	static
