../Middlewares/LVGL/lvgl/src/core/lv_refr.c:1271:13:wait_for_flushing	8	static
../Middlewares/LVGL/lvgl/src/core/lv_refr.c:824:19:lv_refr_get_top_obj	24	static
../Middlewares/LVGL/lvgl/src/core/lv_refr.c:1206:13:draw_buf_flush	32	static
../Middlewares/LVGL/lvgl/src/core/lv_refr.c:75:6:lv_refr_init	0	static
../Middlewares/LVGL/lvgl/src/core/lv_refr.c:79:6:lv_refr_deinit	0	static
../Middlewares/LVGL/lvgl/src/core/lv_refr.c:100:6:lv_obj_redraw	328	static
../Middlewares/LVGL/lvgl/src/core/lv_refr.c:1069:13:refr_obj.part.0	248	static
../Middlewares/LVGL/lvgl/src/core/lv_refr.c:864:13:refr_obj_and_children	32	static
../Middlewares/LVGL/lvgl/src/core/lv_refr.c:758:13:refr_configured_layer	24	static
../Middlewares/LVGL/lvgl/src/core/lv_refr.c:655:13:refr_area	80	static
../Middlewares/LVGL/lvgl/src/core/lv_refr.c:257:6:lv_inv_area	48	static
../Middlewares/LVGL/lvgl/src/core/lv_refr.c:334:16:lv_refr_get_disp_refreshing	0	static
../Middlewares/LVGL/lvgl/src/core/lv_refr.c:343:6:lv_refr_set_disp_refreshing	0	static
../Middlewares/LVGL/lvgl/src/core/lv_refr.c:348:6:lv_display_refr_timer	136	static
../Middlewares/LVGL/lvgl/src/core/lv_refr.c:83:6:lv_refr_now	8	static
