../Middlewares/LVGL/lvgl/src/draw/lv_draw.c:414:6:lv_draw_layer_init.part.0	24	static
../Middlewares/LVGL/lvgl/src/draw/lv_draw.c:56:6:lv_draw_init	0	static
../Middlewares/LVGL/lvgl/src/draw/lv_draw.c:63:6:lv_draw_deinit	16	static
../Middlewares/LVGL/lvgl/src/draw/lv_draw.c:80:8:lv_draw_create_unit	8	static
../Middlewares/LVGL/lvgl/src/draw/lv_draw.c:91:18:lv_draw_add_task	32	static
../Middlewares/LVGL/lvgl/src/draw/lv_draw.c:168:6:lv_draw_wait_for_finish	0	static
../Middlewares/LVGL/lvgl/src/draw/lv_draw.c:201:6:lv_draw_dispatch_layer	32	static
../Middlewares/LVGL/lvgl/src/draw/lv_draw.c:180:6:lv_draw_dispatch	24	static
../Middlewares/LVGL/lvgl/src/draw/lv_draw.c:119:6:lv_draw_finalize_task_creation	24	static
../Middlewares/LVGL/lvgl/src/draw/lv_draw.c:292:6:lv_draw_dispatch_wait_for_request	0	static
../Middlewares/LVGL/lvgl/src/draw/lv_draw.c:302:6:lv_draw_dispatch_request	0	static
../Middlewares/LVGL/lvgl/src/draw/lv_draw.c:311:10:lv_draw_get_unit_count	0	static
../Middlewares/LVGL/lvgl/src/draw/lv_draw.c:316:18:lv_draw_get_next_available_task	40	static
../Middlewares/LVGL/lvgl/src/draw/lv_draw.c:377:10:lv_draw_get_dependent_count	16	static
../Middlewares/LVGL/lvgl/src/draw/lv_draw.c:398:14:lv_draw_layer_create	24	static
../Middlewares/LVGL/lvgl/src/draw/lv_draw.c:414:6:lv_draw_layer_init	0	static
../Middlewares/LVGL/lvgl/src/draw/lv_draw.c:447:8:lv_draw_layer_alloc_buf	24	static
../Middlewares/LVGL/lvgl/src/draw/lv_draw.c:476:8:lv_draw_layer_go_to_xy	0	static
../Middlewares/LVGL/lvgl/src/draw/lv_draw.c:481:21:lv_draw_task_get_type	0	static
../Middlewares/LVGL/lvgl/src/draw/lv_draw.c:486:8:lv_draw_task_get_draw_dsc	0	static
../Middlewares/LVGL/lvgl/src/draw/lv_draw.c:491:6:lv_draw_task_get_area	0	static
