../Middlewares/LVGL/lvgl/src/draw/lv_draw_buf.c:611:15:buf_align	0	static
../Middlewares/LVGL/lvgl/src/draw/lv_draw_buf.c:647:17:_calculate_draw_buf_size	16	static
../Middlewares/LVGL/lvgl/src/draw/lv_draw_buf.c:622:17:width_to_stride	8	static
../Middlewares/LVGL/lvgl/src/draw/lv_draw_buf.c:606:13:buf_free	0	static
../Middlewares/LVGL/lvgl/src/draw/lv_draw_buf.c:597:15:buf_malloc	0	static
../Middlewares/LVGL/lvgl/src/draw/lv_draw_buf.c:52:6:lv_draw_buf_init_handlers	32	static
../Middlewares/LVGL/lvgl/src/draw/lv_draw_buf.c:59:6:lv_draw_buf_init_with_default_handlers	8	static
../Middlewares/LVGL/lvgl/src/draw/lv_draw_buf.c:64:6:lv_draw_buf_handlers_init	24	static
../Middlewares/LVGL/lvgl/src/draw/lv_draw_buf.c:81:26:lv_draw_buf_get_handlers	0	static
../Middlewares/LVGL/lvgl/src/draw/lv_draw_buf.c:86:26:lv_draw_buf_get_font_handlers	0	static
../Middlewares/LVGL/lvgl/src/draw/lv_draw_buf.c:91:26:lv_draw_buf_get_image_handlers	0	static
../Middlewares/LVGL/lvgl/src/draw/lv_draw_buf.c:96:10:lv_draw_buf_width_to_stride	0	static
../Middlewares/LVGL/lvgl/src/draw/lv_draw_buf.c:101:10:lv_draw_buf_width_to_stride_ex	0	static
../Middlewares/LVGL/lvgl/src/draw/lv_draw_buf.c:108:8:lv_draw_buf_align	0	static
../Middlewares/LVGL/lvgl/src/draw/lv_draw_buf.c:113:8:lv_draw_buf_align_ex	0	static
../Middlewares/LVGL/lvgl/src/draw/lv_draw_buf.c:119:6:lv_draw_buf_invalidate_cache	40	static
../Middlewares/LVGL/lvgl/src/draw/lv_draw_buf.c:138:6:lv_draw_buf_flush_cache	40	static
../Middlewares/LVGL/lvgl/src/draw/lv_draw_buf.c:246:13:lv_draw_buf_init	24	static
../Middlewares/LVGL/lvgl/src/draw/lv_draw_buf.c:283:17:lv_draw_buf_create_ex	40	static
../Middlewares/LVGL/lvgl/src/draw/lv_draw_buf.c:278:17:lv_draw_buf_create	16	static
../Middlewares/LVGL/lvgl/src/draw/lv_draw_buf.c:315:17:lv_draw_buf_dup	24	static
../Middlewares/LVGL/lvgl/src/draw/lv_draw_buf.c:320:17:lv_draw_buf_dup_ex	24	static
../Middlewares/LVGL/lvgl/src/draw/lv_draw_buf.c:337:17:lv_draw_buf_reshape	24	static
../Middlewares/LVGL/lvgl/src/draw/lv_draw_buf.c:361:6:lv_draw_buf_destroy	8	static
../Middlewares/LVGL/lvgl/src/draw/lv_draw_buf.c:378:8:lv_draw_buf_goto_xy	16	static
../Middlewares/LVGL/lvgl/src/draw/lv_draw_buf.c:157:6:lv_draw_buf_clear	56	static
../Middlewares/LVGL/lvgl/src/draw/lv_draw_buf.c:191:6:lv_draw_buf_copy	40	static
../Middlewares/LVGL/lvgl/src/draw/lv_draw_buf.c:394:13:lv_draw_buf_adjust_stride	40	static
../Middlewares/LVGL/lvgl/src/draw/lv_draw_buf.c:457:13:lv_draw_buf_premultiply	48	static
../Middlewares/LVGL/lvgl/src/draw/lv_draw_buf.c:535:6:lv_draw_buf_set_palette	8	static
../Middlewares/LVGL/lvgl/src/draw/lv_draw_buf.c:549:6:lv_draw_buf_has_flag	0	static
../Middlewares/LVGL/lvgl/src/draw/lv_draw_buf.c:554:6:lv_draw_buf_set_flag	0	static
../Middlewares/LVGL/lvgl/src/draw/lv_draw_buf.c:559:6:lv_draw_buf_clear_flag	0	static
../Middlewares/LVGL/lvgl/src/draw/lv_draw_buf.c:564:6:lv_draw_buf_from_image	40	static
../Middlewares/LVGL/lvgl/src/draw/lv_draw_buf.c:571:6:lv_draw_buf_to_image	0	static
../Middlewares/LVGL/lvgl/src/draw/lv_draw_buf.c:576:6:lv_image_buf_set_palette	8	static
../Middlewares/LVGL/lvgl/src/draw/lv_draw_buf.c:582:6:lv_image_buf_free	8	static
