../Middlewares/LVGL/lvgl/demos/music/lv_demo_music_main.c:113:13:_image_set_scale_anim_cb	0	static
../Middlewares/LVGL/lvgl/demos/music/lv_demo_music_main.c:933:13:start_anim_cb	0	static
../Middlewares/LVGL/lvgl/demos/music/lv_demo_music_main.c:1023:13:stop_start_anim	0	static
../Middlewares/LVGL/lvgl/demos/music/lv_demo_music_main.c:1009:13:timer_cb	8	static
../Middlewares/LVGL/lvgl/demos/music/lv_demo_music_main.c:782:13:spectrum_draw_event_cb	288	static
../Middlewares/LVGL/lvgl/demos/music/lv_demo_music_main.c:940:19:album_image_create	8	static
../Middlewares/LVGL/lvgl/demos/music/lv_demo_music_main.c:122:13:_obj_set_x_anim_cb	0	static
../Middlewares/LVGL/lvgl/demos/music/lv_demo_music_main.c:1030:13:album_fade_anim_cb	0	static
../Middlewares/LVGL/lvgl/demos/music/lv_demo_music_main.c:676:13:track_load	120	static
../Middlewares/LVGL/lvgl/demos/music/lv_demo_music_main.c:904:13:spectrum_anim_cb	16	static
../Middlewares/LVGL/lvgl/demos/music/lv_demo_music_main.c:773:13:del_counter_timer_cb	8	static
../Middlewares/LVGL/lvgl/demos/music/lv_demo_music_main.c:127:12:lv_demo_music_main_create	200	static
../Middlewares/LVGL/lvgl/demos/music/lv_demo_music_main.c:352:6:lv_demo_music_resume	104	static
../Middlewares/LVGL/lvgl/demos/music/lv_demo_music_main.c:345:6:lv_demo_music_play	8	static
../Middlewares/LVGL/lvgl/demos/music/lv_demo_music_main.c:321:6:lv_demo_music_album_next	8	static
../Middlewares/LVGL/lvgl/demos/music/lv_demo_music_main.c:995:13:prev_click_event_cb	8	static
../Middlewares/LVGL/lvgl/demos/music/lv_demo_music_main.c:1017:13:spectrum_end_cb	8	static
../Middlewares/LVGL/lvgl/demos/music/lv_demo_music_main.c:1001:13:next_click_event_cb	8	static
../Middlewares/LVGL/lvgl/demos/music/lv_demo_music_main.c:976:13:album_gesture_event_cb	8	static
../Middlewares/LVGL/lvgl/demos/music/lv_demo_music_main.c:373:6:lv_demo_music_pause	16	static
../Middlewares/LVGL/lvgl/demos/music/lv_demo_music_main.c:984:13:play_event_click_cb	8	static
