../Middlewares/LVGL/lvgl/src/widgets/calendar/lv_calendar.c:387:16:get_month_length	0	static
../Middlewares/LVGL/lvgl/src/widgets/calendar/lv_calendar.c:339:13:draw_task_added_event_cb	24	static
../Middlewares/LVGL/lvgl/src/widgets/calendar/lv_calendar.c:434:13:highlight_update	16	static
../Middlewares/LVGL/lvgl/src/widgets/calendar/lv_calendar.c:71:12:lv_calendar_create	8	static
../Middlewares/LVGL/lvgl/src/widgets/calendar/lv_calendar.c:83:6:lv_calendar_set_day_names	0	static
../Middlewares/LVGL/lvgl/src/widgets/calendar/lv_calendar.c:95:6:lv_calendar_set_today_date	0	static
../Middlewares/LVGL/lvgl/src/widgets/calendar/lv_calendar.c:107:6:lv_calendar_set_highlighted_dates	0	static
../Middlewares/LVGL/lvgl/src/widgets/calendar/lv_calendar.c:120:6:lv_calendar_set_showed_date	48	static
../Middlewares/LVGL/lvgl/src/widgets/calendar/lv_calendar.c:286:13:lv_calendar_constructor	40	static
../Middlewares/LVGL/lvgl/src/widgets/calendar/lv_calendar.c:219:12:lv_calendar_get_btnmatrix	0	static
../Middlewares/LVGL/lvgl/src/widgets/calendar/lv_calendar.c:226:28:lv_calendar_get_today_date	0	static
../Middlewares/LVGL/lvgl/src/widgets/calendar/lv_calendar.c:234:28:lv_calendar_get_showed_date	0	static
../Middlewares/LVGL/lvgl/src/widgets/calendar/lv_calendar.c:242:22:lv_calendar_get_highlighted_dates	0	static
../Middlewares/LVGL/lvgl/src/widgets/calendar/lv_calendar.c:250:8:lv_calendar_get_highlighted_dates_num	0	static
../Middlewares/LVGL/lvgl/src/widgets/calendar/lv_calendar.c:258:13:lv_calendar_get_pressed_date	16	static
