../Middlewares/LVGL/lvgl/demos/benchmark/lv_demo_benchmark.c:569:13:sysmon_perf_observer_cb	112	static
../Middlewares/LVGL/lvgl/demos/benchmark/lv_demo_benchmark.c:603:13:table_draw_task_event_cb	16	static
../Middlewares/LVGL/lvgl/demos/benchmark/lv_demo_benchmark.c:784:13:scroll_anim	104	static
../Middlewares/LVGL/lvgl/demos/benchmark/lv_demo_benchmark.c:747:13:color_anim	96	static
../Middlewares/LVGL/lvgl/demos/benchmark/lv_demo_benchmark.c:120:13:multiple_rectangles_cb	16	static
../Middlewares/LVGL/lvgl/demos/benchmark/lv_demo_benchmark.c:91:13:empty_screen_cb	8	static
../Middlewares/LVGL/lvgl/demos/benchmark/lv_demo_benchmark.c:779:13:scroll_anim_y_cb	0	static
../Middlewares/LVGL/lvgl/demos/benchmark/lv_demo_benchmark.c:799:13:shake_anim_y_cb	0	static
../Middlewares/LVGL/lvgl/demos/benchmark/lv_demo_benchmark.c:108:13:single_rectangle_cb	16	static
../Middlewares/LVGL/lvgl/demos/benchmark/lv_demo_benchmark.c:759:13:arc_anim_cb	0	static
../Middlewares/LVGL/lvgl/demos/benchmark/lv_demo_benchmark.c:252:13:screen_sized_text_cb	16	static
../Middlewares/LVGL/lvgl/demos/benchmark/lv_demo_benchmark.c:218:13:multiple_labels_cb	56	static
../Middlewares/LVGL/lvgl/demos/benchmark/lv_demo_benchmark.c:445:13:widgets_demo_cb	8	static
../Middlewares/LVGL/lvgl/demos/benchmark/lv_demo_benchmark.c:279:13:multiple_arcs_cb	144	static
../Middlewares/LVGL/lvgl/demos/benchmark/lv_demo_benchmark.c:739:13:color_anim_cb	40	static
../Middlewares/LVGL/lvgl/demos/benchmark/lv_demo_benchmark.c:804:13:fall_anim	112	static
../Middlewares/LVGL/lvgl/demos/benchmark/lv_demo_benchmark.c:163:13:multiple_argb_images_cb	32	static
../Middlewares/LVGL/lvgl/demos/benchmark/lv_demo_benchmark.c:136:13:multiple_rgb_images_cb	32	static
../Middlewares/LVGL/lvgl/demos/benchmark/lv_demo_benchmark.c:190:13:rotated_argb_image_cb	32	static
../Middlewares/LVGL/lvgl/demos/benchmark/lv_demo_benchmark.c:96:13:moving_wallpaper_cb	16	static
../Middlewares/LVGL/lvgl/demos/benchmark/lv_demo_benchmark.c:820:19:card_create	16	static
../Middlewares/LVGL/lvgl/demos/benchmark/lv_demo_benchmark.c:416:13:containers_with_scrolling_cb	24	static
../Middlewares/LVGL/lvgl/demos/benchmark/lv_demo_benchmark.c:315:13:containers_cb	24	static
../Middlewares/LVGL/lvgl/demos/benchmark/lv_demo_benchmark.c:339:13:containers_with_overlay_cb	24	static
../Middlewares/LVGL/lvgl/demos/benchmark/lv_demo_benchmark.c:391:13:containers_with_opa_layer_cb	24	static
../Middlewares/LVGL/lvgl/demos/benchmark/lv_demo_benchmark.c:366:13:containers_with_opa_cb	24	static
../Middlewares/LVGL/lvgl/demos/benchmark/lv_demo_benchmark.c:528:13:load_scene	24	static
../Middlewares/LVGL/lvgl/demos/benchmark/lv_demo_benchmark.c:552:13:next_scene_timer_cb	72	static
../Middlewares/LVGL/lvgl/demos/benchmark/lv_demo_benchmark.c:493:6:lv_demo_benchmark	32	static
