../Middlewares/LVGL/lvgl/src/widgets/span/lv_span.c:639:13:lv_spangroup_destructor	16	static
../Middlewares/LVGL/lvgl/src/widgets/span/lv_span.c:625:13:lv_spangroup_constructor	8	static
../Middlewares/LVGL/lvgl/src/widgets/span/lv_span.c:724:13:lv_text_get_snippet.constprop	32	static
../Middlewares/LVGL/lvgl/src/widgets/span/lv_span.c:1173:25:make_span_coords.constprop.isra	88	static
../Middlewares/LVGL/lvgl/src/widgets/span/lv_span.c:890:13:lv_draw_span	384	static
../Middlewares/LVGL/lvgl/src/widgets/span/lv_span.c:97:6:lv_span_stack_init	8	static
../Middlewares/LVGL/lvgl/src/widgets/span/lv_span.c:106:6:lv_span_stack_deinit	0	static
../Middlewares/LVGL/lvgl/src/widgets/span/lv_span.c:111:12:lv_spangroup_create	8	static
../Middlewares/LVGL/lvgl/src/widgets/span/lv_span.c:118:13:lv_spangroup_new_span	16	static
../Middlewares/LVGL/lvgl/src/widgets/span/lv_span.c:139:6:lv_spangroup_delete_span	24	static
../Middlewares/LVGL/lvgl/src/widgets/span/lv_span.c:169:6:lv_span_set_text	16	static
../Middlewares/LVGL/lvgl/src/widgets/span/lv_span.c:194:6:lv_span_set_text_static	16	static
../Middlewares/LVGL/lvgl/src/widgets/span/lv_span.c:210:6:lv_spangroup_set_align	0	static
../Middlewares/LVGL/lvgl/src/widgets/span/lv_span.c:215:6:lv_spangroup_set_overflow	0	static
../Middlewares/LVGL/lvgl/src/widgets/span/lv_span.c:225:6:lv_spangroup_set_indent	8	static
../Middlewares/LVGL/lvgl/src/widgets/span/lv_span.c:259:14:lv_span_get_style	0	static
../Middlewares/LVGL/lvgl/src/widgets/span/lv_span.c:264:14:lv_span_get_text	0	static
../Middlewares/LVGL/lvgl/src/widgets/span/lv_span.c:269:13:lv_spangroup_get_child	16	static
../Middlewares/LVGL/lvgl/src/widgets/span/lv_span.c:306:10:lv_spangroup_get_span_count	0	static
../Middlewares/LVGL/lvgl/src/widgets/span/lv_span.c:319:17:lv_spangroup_get_align	16	static
../Middlewares/LVGL/lvgl/src/widgets/span/lv_span.c:324:20:lv_spangroup_get_overflow	0	static
../Middlewares/LVGL/lvgl/src/widgets/span/lv_span.c:331:9:lv_spangroup_get_indent	0	static
../Middlewares/LVGL/lvgl/src/widgets/span/lv_span.c:338:16:lv_spangroup_get_mode	0	static
../Middlewares/LVGL/lvgl/src/widgets/span/lv_span.c:345:9:lv_spangroup_get_max_lines	0	static
../Middlewares/LVGL/lvgl/src/widgets/span/lv_span.c:386:9:lv_spangroup_get_max_line_height	32	static
../Middlewares/LVGL/lvgl/src/widgets/span/lv_span.c:404:10:lv_spangroup_get_expand_width	64	static
../Middlewares/LVGL/lvgl/src/widgets/span/lv_span.c:436:9:lv_spangroup_get_expand_height	128	static
../Middlewares/LVGL/lvgl/src/widgets/span/lv_span.c:656:13:lv_spangroup_event	16	static
../Middlewares/LVGL/lvgl/src/widgets/span/lv_span.c:352:6:lv_spangroup_refr_mode	16	static
../Middlewares/LVGL/lvgl/src/widgets/span/lv_span.c:236:6:lv_spangroup_set_mode	0	static
../Middlewares/LVGL/lvgl/src/widgets/span/lv_span.c:247:6:lv_spangroup_set_max_lines	0	static
../Middlewares/LVGL/lvgl/src/widgets/span/lv_span.c:558:18:lv_spangroup_get_span_coords	64	static
../Middlewares/LVGL/lvgl/src/widgets/span/lv_span.c:586:13:lv_spangroup_get_span_by_point	112	static
