../Middlewares/LVGL/lvgl/src/widgets/label/lv_label.c:1223:13:set_ofs_y_anim	0	static
../Middlewares/LVGL/lvgl/src/widgets/label/lv_label.c:1216:13:set_ofs_x_anim	0	static
../Middlewares/LVGL/lvgl/src/widgets/label/lv_label.c:1251:23:get_label_flags	24	static
../Middlewares/LVGL/lvgl/src/widgets/label/lv_label.c:739:13:lv_label_destructor	8	static
../Middlewares/LVGL/lvgl/src/widgets/label/lv_label.c:1269:13:calculate_x_coordinate	24	static
../Middlewares/LVGL/lvgl/src/widgets/label/lv_label.c:899:13:overwrite_anim_property	4	static
../Middlewares/LVGL/lvgl/src/widgets/label/lv_label.c:1198:13:lv_label_set_dots	16	static
../Middlewares/LVGL/lvgl/src/widgets/label/lv_label.c:407:10:lv_label_get_letter_on.part.0	128	static
../Middlewares/LVGL/lvgl/src/widgets/label/lv_label.c:928:13:lv_label_refr_text.part.0	168	static
../Middlewares/LVGL/lvgl/src/widgets/label/lv_label.c:748:13:lv_label_event	208	static
../Middlewares/LVGL/lvgl/src/widgets/label/lv_label.c:121:12:lv_label_create	8	static
../Middlewares/LVGL/lvgl/src/widgets/label/lv_label.c:133:6:lv_label_set_text	24	static
../Middlewares/LVGL/lvgl/src/widgets/label/lv_label.c:707:13:lv_label_constructor	24	static
../Middlewares/LVGL/lvgl/src/widgets/label/lv_label.c:175:6:lv_label_set_text_fmt	28	static
../Middlewares/LVGL/lvgl/src/widgets/label/lv_label.c:203:6:lv_label_set_text_static	16	static
../Middlewares/LVGL/lvgl/src/widgets/label/lv_label.c:221:6:lv_label_set_long_mode	16	static
../Middlewares/LVGL/lvgl/src/widgets/label/lv_label.c:241:6:lv_label_set_text_selection_start	0	static
../Middlewares/LVGL/lvgl/src/widgets/label/lv_label.c:255:6:lv_label_set_text_selection_end	0	static
../Middlewares/LVGL/lvgl/src/widgets/label/lv_label.c:269:6:lv_label_set_recolor	4	static
../Middlewares/LVGL/lvgl/src/widgets/label/lv_label.c:286:8:lv_label_get_text	0	static
../Middlewares/LVGL/lvgl/src/widgets/label/lv_label.c:293:22:lv_label_get_long_mode	0	static
../Middlewares/LVGL/lvgl/src/widgets/label/lv_label.c:300:6:lv_label_get_letter_pos	120	static
../Middlewares/LVGL/lvgl/src/widgets/label/lv_label.c:407:10:lv_label_get_letter_on	0	static
../Middlewares/LVGL/lvgl/src/widgets/label/lv_label.c:535:6:lv_label_is_char_under_pos	104	static
../Middlewares/LVGL/lvgl/src/widgets/label/lv_label.c:619:10:lv_label_get_text_selection_start	0	static
../Middlewares/LVGL/lvgl/src/widgets/label/lv_label.c:632:10:lv_label_get_text_selection_end	0	static
../Middlewares/LVGL/lvgl/src/widgets/label/lv_label.c:645:6:lv_label_get_recolor	0	static
../Middlewares/LVGL/lvgl/src/widgets/label/lv_label.c:657:6:lv_label_ins_text	24	static
../Middlewares/LVGL/lvgl/src/widgets/label/lv_label.c:685:6:lv_label_cut_text	16	static
