../Middlewares/LVGL/lvgl/demos/widgets/lv_demo_widgets.c:1544:13:shop_chart_event_cb	0	static
../Middlewares/LVGL/lvgl/demos/widgets/lv_demo_widgets.c:248:13:profile_create	152	static
../Middlewares/LVGL/lvgl/demos/widgets/lv_demo_widgets.c:1355:13:slider_event_cb	304	static
../Middlewares/LVGL/lvgl/demos/widgets/lv_demo_widgets.c:1311:13:birthday_event_cb	32	static
../Middlewares/LVGL/lvgl/demos/widgets/lv_demo_widgets.c:1336:13:calendar_event_cb	64	static
../Middlewares/LVGL/lvgl/demos/widgets/lv_demo_widgets.c:1281:13:ta_event_cb	24	static
../Middlewares/LVGL/lvgl/demos/widgets/lv_demo_widgets.c:1623:13:scale3_size_changed_event_cb	16	static
../Middlewares/LVGL/lvgl/demos/widgets/lv_demo_widgets.c:1614:13:scale3_anim_cb	16	static
../Middlewares/LVGL/lvgl/demos/widgets/lv_demo_widgets.c:1558:13:scale2_timer_cb	32	static
../Middlewares/LVGL/lvgl/demos/widgets/lv_demo_widgets.c:1549:13:scale1_indic1_anim_cb	8	static
../Middlewares/LVGL/lvgl/demos/widgets/lv_demo_widgets.c:1407:13:chart_event_cb	328	static
../Middlewares/LVGL/lvgl/demos/widgets/lv_demo_widgets.c:1179:19:create_scale_box	88	static
../Middlewares/LVGL/lvgl/demos/widgets/lv_demo_widgets.c:1097:13:color_changer_anim_cb	32	static
../Middlewares/LVGL/lvgl/demos/widgets/lv_demo_widgets.c:1147:13:color_event_cb	120	static
../Middlewares/LVGL/lvgl/demos/widgets/lv_demo_widgets.c:1654:13:slideshow_anim_completed_cb	104	static
../Middlewares/LVGL/lvgl/demos/widgets/lv_demo_widgets.c:1640:13:scroll_anim_y_cb	0	static
../Middlewares/LVGL/lvgl/demos/widgets/lv_demo_widgets.c:1699:13:tabview_delete_event_cb	8	static
../Middlewares/LVGL/lvgl/demos/widgets/lv_demo_widgets.c:1682:13:scale3_delete_event_cb	8	static
../Middlewares/LVGL/lvgl/demos/widgets/lv_demo_widgets.c:1123:13:color_changer_event_cb	104	static
../Middlewares/LVGL/lvgl/demos/widgets/lv_demo_widgets.c:1645:13:delete_timer_event_cb	8	static
../Middlewares/LVGL/lvgl/demos/widgets/lv_demo_widgets.c:1249:19:create_shop_item.constprop.isra	48	static
../Middlewares/LVGL/lvgl/demos/widgets/lv_demo_widgets.c:569:19:create_chart_with_scales	56	static
../Middlewares/LVGL/lvgl/demos/widgets/lv_demo_widgets.c:115:6:lv_demo_widgets	264	static
../Middlewares/LVGL/lvgl/demos/widgets/lv_demo_widgets.c:223:6:lv_demo_widgets_start_slideshow	104	static
