../Middlewares/LVGL/lvgl/src/widgets/canvas/lv_canvas.c:418:13:lv_canvas_constructor	0	static
../Middlewares/LVGL/lvgl/src/widgets/canvas/lv_canvas.c:424:13:lv_canvas_destructor	0	static
../Middlewares/LVGL/lvgl/src/widgets/canvas/lv_canvas.c:59:12:lv_canvas_create	8	static
../Middlewares/LVGL/lvgl/src/widgets/canvas/lv_canvas.c:71:6:lv_canvas_set_buffer	40	static
../Middlewares/LVGL/lvgl/src/widgets/canvas/lv_canvas.c:90:6:lv_canvas_set_draw_buf	16	static
../Middlewares/LVGL/lvgl/src/widgets/canvas/lv_canvas.c:107:6:lv_canvas_set_px	48	static
../Middlewares/LVGL/lvgl/src/widgets/canvas/lv_canvas.c:180:6:lv_canvas_set_palette	16	static
../Middlewares/LVGL/lvgl/src/widgets/canvas/lv_canvas.c:194:17:lv_canvas_get_draw_buf	0	static
../Middlewares/LVGL/lvgl/src/widgets/canvas/lv_canvas.c:202:14:lv_canvas_get_px	24	static
../Middlewares/LVGL/lvgl/src/widgets/canvas/lv_canvas.c:255:18:lv_canvas_get_image	0	static
../Middlewares/LVGL/lvgl/src/widgets/canvas/lv_canvas.c:263:14:lv_canvas_get_buf	0	static
../Middlewares/LVGL/lvgl/src/widgets/canvas/lv_canvas.c:278:6:lv_canvas_copy_buf	4	static
../Middlewares/LVGL/lvgl/src/widgets/canvas/lv_canvas.c:292:6:lv_canvas_fill_bg	40	static
../Middlewares/LVGL/lvgl/src/widgets/canvas/lv_canvas.c:370:6:lv_canvas_init_layer	24	static
../Middlewares/LVGL/lvgl/src/widgets/canvas/lv_canvas.c:391:6:lv_canvas_finish_layer	16	static
../Middlewares/LVGL/lvgl/src/widgets/canvas/lv_canvas.c:409:10:lv_canvas_buf_size	0	static
