../Drivers/BSP/STM32H7S78-DK/stm32h7s78_discovery_lcd.c:578:9:BSP_LCD_GetPixelFormat	0	static
../Drivers/BSP/STM32H7S78-DK/stm32h7s78_discovery_lcd.c:600:9:BSP_LCD_SetActiveLayer	0	static
../Drivers/BSP/STM32H7S78-DK/stm32h7s78_discovery_lcd.c:859:9:BSP_LCD_GetXSize	0	static
../Drivers/BSP/STM32H7S78-DK/stm32h7s78_discovery_lcd.c:881:9:BSP_LCD_GetYSize	0	static
../Drivers/BSP/STM32H7S78-DK/stm32h7s78_discovery_lcd.c:1200:9:BSP_LCD_ReadPixel	4	static
../Drivers/BSP/STM32H7S78-DK/stm32h7s78_discovery_lcd.c:1224:9:BSP_LCD_WritePixel	4	static
../Drivers/BSP/STM32H7S78-DK/stm32h7s78_discovery_lcd.c:1018:9:BSP_LCD_DrawBitmap	56	static
../Drivers/BSP/STM32H7S78-DK/stm32h7s78_discovery_lcd.c:1256:13:LL_FillBuffer	32	static
../Drivers/BSP/STM32H7S78-DK/stm32h7s78_discovery_lcd.c:1134:9:BSP_LCD_DrawHLine	24	static
../Drivers/BSP/STM32H7S78-DK/stm32h7s78_discovery_lcd.c:1156:9:BSP_LCD_DrawVLine	24	static
../Drivers/BSP/STM32H7S78-DK/stm32h7s78_discovery_lcd.c:1179:9:BSP_LCD_FillRect	24	static
../Drivers/BSP/STM32H7S78-DK/stm32h7s78_discovery_lcd.c:1432:13:LTDC_MspDeInit	8	static
../Drivers/BSP/STM32H7S78-DK/stm32h7s78_discovery_lcd.c:1346:13:LTDC_MspInit	72	static
../Drivers/BSP/STM32H7S78-DK/stm32h7s78_discovery_lcd.c:1082:9:BSP_LCD_FillRGBRect	48	static
../Drivers/BSP/STM32H7S78-DK/stm32h7s78_discovery_lcd.c:372:26:MX_LTDC_Init	4	static
../Drivers/BSP/STM32H7S78-DK/stm32h7s78_discovery_lcd.c:403:26:MX_LTDC_ConfigLayer	72	static
../Drivers/BSP/STM32H7S78-DK/stm32h7s78_discovery_lcd.c:431:26:MX_LTDC_ClockConfig	304	static
../Drivers/BSP/STM32H7S78-DK/stm32h7s78_discovery_lcd.c:485:9:BSP_LCD_RegisterDefaultMspCallbacks	8	static
../Drivers/BSP/STM32H7S78-DK/stm32h7s78_discovery_lcd.c:519:9:BSP_LCD_RegisterMspCallbacks	8	static
../Drivers/BSP/STM32H7S78-DK/stm32h7s78_discovery_lcd.c:555:9:BSP_LCD_ConfigLayer	8	static
../Drivers/BSP/STM32H7S78-DK/stm32h7s78_discovery_lcd.c:625:9:BSP_LCD_Reload	8	static
../Drivers/BSP/STM32H7S78-DK/stm32h7s78_discovery_lcd.c:659:9:BSP_LCD_SetLayerVisible	0	static
../Drivers/BSP/STM32H7S78-DK/stm32h7s78_discovery_lcd.c:695:9:BSP_LCD_SetTransparency	8	static
../Drivers/BSP/STM32H7S78-DK/stm32h7s78_discovery_lcd.c:725:9:BSP_LCD_SetLayerAddress	8	static
../Drivers/BSP/STM32H7S78-DK/stm32h7s78_discovery_lcd.c:758:9:BSP_LCD_SetLayerWindow	32	static
../Drivers/BSP/STM32H7S78-DK/stm32h7s78_discovery_lcd.c:795:9:BSP_LCD_SetColorKeying	8	static
../Drivers/BSP/STM32H7S78-DK/stm32h7s78_discovery_lcd.c:828:9:BSP_LCD_ResetColorKeying	8	static
../Drivers/BSP/STM32H7S78-DK/stm32h7s78_discovery_lcd.c:902:9:BSP_LCD_DisplayOn	40	static
../Drivers/BSP/STM32H7S78-DK/stm32h7s78_discovery_lcd.c:200:9:BSP_LCD_InitEx	96	static
../Drivers/BSP/STM32H7S78-DK/stm32h7s78_discovery_lcd.c:186:9:BSP_LCD_Init	16	static
../Drivers/BSP/STM32H7S78-DK/stm32h7s78_discovery_lcd.c:931:9:BSP_LCD_DisplayOff	40	static
../Drivers/BSP/STM32H7S78-DK/stm32h7s78_discovery_lcd.c:322:9:BSP_LCD_DeInit	16	static
../Drivers/BSP/STM32H7S78-DK/stm32h7s78_discovery_lcd.c:970:9:BSP_LCD_SetBrightness	16	static
../Drivers/BSP/STM32H7S78-DK/stm32h7s78_discovery_lcd.c:994:9:BSP_LCD_GetBrightness	0	static
