../Middlewares/LVGL/lvgl/src/widgets/roller/lv_roller.c:840:13:set_y_anim	0	static
../Middlewares/LVGL/lvgl/src/widgets/roller/lv_roller.c:845:13:transform_vect_recursive	48	static
../Middlewares/LVGL/lvgl/src/widgets/roller/lv_roller.c:821:16:get_selected_label_width	48	static
../Middlewares/LVGL/lvgl/src/widgets/roller/lv_roller.c:616:13:get_sel_area	40	static
../Middlewares/LVGL/lvgl/src/widgets/roller/lv_roller.c:484:13:draw_main	248	static
../Middlewares/LVGL/lvgl/src/widgets/roller/lv_roller.c:789:13:inf_normalize.part.0	32	static
../Middlewares/LVGL/lvgl/src/widgets/roller/lv_roller.c:640:13:refr_position	120	static
../Middlewares/LVGL/lvgl/src/widgets/roller/lv_roller.c:453:13:lv_roller_label_event	208	static
../Middlewares/LVGL/lvgl/src/widgets/roller/lv_roller.c:834:13:scroll_anim_completed_cb	8	static
../Middlewares/LVGL/lvgl/src/widgets/roller/lv_roller.c:128:6:lv_roller_set_options.part.0	56	static
../Middlewares/LVGL/lvgl/src/widgets/roller/lv_roller.c:307:13:lv_roller_constructor	16	static
../Middlewares/LVGL/lvgl/src/widgets/roller/lv_roller.c:116:12:lv_roller_create	8	static
../Middlewares/LVGL/lvgl/src/widgets/roller/lv_roller.c:128:6:lv_roller_set_options	0	static
../Middlewares/LVGL/lvgl/src/widgets/roller/lv_roller.c:189:6:lv_roller_set_selected	16	static
../Middlewares/LVGL/lvgl/src/widgets/roller/lv_roller.c:329:13:lv_roller_event	56	static
../Middlewares/LVGL/lvgl/src/widgets/roller/lv_roller.c:223:6:lv_roller_set_visible_row_count	32	static
../Middlewares/LVGL/lvgl/src/widgets/roller/lv_roller.c:237:10:lv_roller_get_selected	0	static
../Middlewares/LVGL/lvgl/src/widgets/roller/lv_roller.c:251:6:lv_roller_get_selected_str	24	static
../Middlewares/LVGL/lvgl/src/widgets/roller/lv_roller.c:283:14:lv_roller_get_options	8	static
../Middlewares/LVGL/lvgl/src/widgets/roller/lv_roller.c:290:10:lv_roller_get_option_count	0	static
