../Middlewares/LVGL/lvgl/src/widgets/imagebutton/lv_imagebutton.c:303:31:get_state	8	static
../Middlewares/LVGL/lvgl/src/widgets/imagebutton/lv_imagebutton.c:142:13:lv_imagebutton_constructor	8	static
../Middlewares/LVGL/lvgl/src/widgets/imagebutton/lv_imagebutton.c:272:31:suggest_state.part.0	0	static
../Middlewares/LVGL/lvgl/src/widgets/imagebutton/lv_imagebutton.c:251:13:refr_image	16	static
../Middlewares/LVGL/lvgl/src/widgets/imagebutton/lv_imagebutton.c:153:13:lv_imagebutton_event	200	static
../Middlewares/LVGL/lvgl/src/widgets/imagebutton/lv_imagebutton.c:63:12:lv_imagebutton_create	8	static
../Middlewares/LVGL/lvgl/src/widgets/imagebutton/lv_imagebutton.c:75:6:lv_imagebutton_set_src	24	static
../Middlewares/LVGL/lvgl/src/widgets/imagebutton/lv_imagebutton.c:89:6:lv_imagebutton_set_state	16	static
../Middlewares/LVGL/lvgl/src/widgets/imagebutton/lv_imagebutton.c:113:14:lv_imagebutton_get_src_left	0	static
../Middlewares/LVGL/lvgl/src/widgets/imagebutton/lv_imagebutton.c:122:14:lv_imagebutton_get_src_middle	0	static
../Middlewares/LVGL/lvgl/src/widgets/imagebutton/lv_imagebutton.c:130:14:lv_imagebutton_get_src_right	0	static
