../Middlewares/LVGL/lvgl/src/draw/sw/lv_draw_sw.c:393:16:evaluate	0	static
../Middlewares/LVGL/lvgl/src/draw/sw/lv_draw_sw.c:435:16:dispatch	16	static
../Middlewares/LVGL/lvgl/src/draw/sw/lv_draw_sw.c:164:6:lv_draw_sw_init	8	static
../Middlewares/LVGL/lvgl/src/draw/sw/lv_draw_sw.c:190:6:lv_draw_sw_deinit	0	static
../Middlewares/LVGL/lvgl/src/draw/sw/lv_draw_sw.c:220:6:lv_draw_sw_rgb565_swap	32	static
../Middlewares/LVGL/lvgl/src/draw/sw/lv_draw_sw.c:254:6:lv_draw_sw_i1_invert	0	static
../Middlewares/LVGL/lvgl/src/draw/sw/lv_draw_sw.c:285:6:lv_draw_sw_rotate	28	static
