../Drivers/STM32H7RSxx_HAL_Driver/Src/stm32h7rsxx_hal_dma.c:374:19:HAL_DMA_Init	48	static
../Drivers/STM32H7RSxx_HAL_Driver/Src/stm32h7rsxx_hal_dma.c:458:19:HAL_DMA_DeInit	16	static
../Drivers/STM32H7RSxx_HAL_Driver/Src/stm32h7rsxx_hal_dma.c:583:19:HAL_DMA_Start	12	static
../Drivers/STM32H7RSxx_HAL_Driver/Src/stm32h7rsxx_hal_dma.c:638:19:HAL_DMA_Start_IT	16	static
../Drivers/STM32H7RSxx_HAL_Driver/Src/stm32h7rsxx_hal_dma.c:710:19:HAL_DMA_Abort	16	static
../Drivers/STM32H7RSxx_HAL_Driver/Src/stm32h7rsxx_hal_dma.c:802:19:HAL_DMA_Abort_IT	0	static
../Drivers/STM32H7RSxx_HAL_Driver/Src/stm32h7rsxx_hal_dma.c:838:19:HAL_DMA_PollForTransfer	24	static
../Drivers/STM32H7RSxx_HAL_Driver/Src/stm32h7rsxx_hal_dma.c:1010:6:HAL_DMA_IRQHandler	16	static
../Drivers/STM32H7RSxx_HAL_Driver/Src/stm32h7rsxx_hal_dma.c:1238:19:HAL_DMA_RegisterCallback	0	static
../Drivers/STM32H7RSxx_HAL_Driver/Src/stm32h7rsxx_hal_dma.c:1317:19:HAL_DMA_UnRegisterCallback	0	static
../Drivers/STM32H7RSxx_HAL_Driver/Src/stm32h7rsxx_hal_dma.c:1425:22:HAL_DMA_GetState	0	static
../Drivers/STM32H7RSxx_HAL_Driver/Src/stm32h7rsxx_hal_dma.c:1437:10:HAL_DMA_GetError	0	static
../Drivers/STM32H7RSxx_HAL_Driver/Src/stm32h7rsxx_hal_dma.c:1480:19:HAL_DMA_ConfigChannelAttributes	8	static
../Drivers/STM32H7RSxx_HAL_Driver/Src/stm32h7rsxx_hal_dma.c:1524:19:HAL_DMA_GetConfigChannelAttributes	4	static
../Drivers/STM32H7RSxx_HAL_Driver/Src/stm32h7rsxx_hal_dma.c:1559:19:HAL_DMA_LockChannelAttributes	4	static
../Drivers/STM32H7RSxx_HAL_Driver/Src/stm32h7rsxx_hal_dma.c:1591:19:HAL_DMA_GetLockChannelAttributes	4	static
