../Middlewares/LVGL/lvgl/src/widgets/slider/lv_slider.c:359:13:position_knob	40	static
../Middlewares/LVGL/lvgl/src/widgets/slider/lv_slider.c:143:13:lv_slider_constructor	16	static
../Middlewares/LVGL/lvgl/src/widgets/slider/lv_slider.c:458:13:update_knob_pos	72	static
../Middlewares/LVGL/lvgl/src/widgets/slider/lv_slider.c:159:13:lv_slider_event	288	static
../Middlewares/LVGL/lvgl/src/widgets/slider/lv_slider.c:70:12:lv_slider_create	8	static
../Middlewares/LVGL/lvgl/src/widgets/slider/lv_slider.c:78:6:lv_slider_is_dragged	0	static
../Middlewares/LVGL/lvgl/src/widgets/slider/lv_slider.c:86:6:lv_slider_set_value	0	static
../Middlewares/LVGL/lvgl/src/widgets/slider/lv_slider.c:91:6:lv_slider_set_left_value	0	static
../Middlewares/LVGL/lvgl/src/widgets/slider/lv_slider.c:96:6:lv_slider_set_range	0	static
../Middlewares/LVGL/lvgl/src/widgets/slider/lv_slider.c:101:6:lv_slider_set_mode	0	static
../Middlewares/LVGL/lvgl/src/widgets/slider/lv_slider.c:106:9:lv_slider_get_value	0	static
../Middlewares/LVGL/lvgl/src/widgets/slider/lv_slider.c:111:9:lv_slider_get_left_value	0	static
../Middlewares/LVGL/lvgl/src/widgets/slider/lv_slider.c:116:9:lv_slider_get_min_value	0	static
../Middlewares/LVGL/lvgl/src/widgets/slider/lv_slider.c:121:9:lv_slider_get_max_value	0	static
../Middlewares/LVGL/lvgl/src/widgets/slider/lv_slider.c:126:18:lv_slider_get_mode	8	static
../Middlewares/LVGL/lvgl/src/widgets/slider/lv_slider.c:134:6:lv_slider_is_symmetrical	0	static
