../Middlewares/LVGL/lvgl/src/others/sysmon/lv_sysmon.c:308:13:mem_update_timer_cb	8	static
../Middlewares/LVGL/lvgl/src/others/sysmon/lv_sysmon.c:181:13:perf_monitor_disp_event_cb	16	static
../Middlewares/LVGL/lvgl/src/others/sysmon/lv_sysmon.c:232:13:perf_update_timer_cb	24	static
../Middlewares/LVGL/lvgl/src/others/sysmon/lv_sysmon.c:278:13:perf_observer_cb	32	static
../Middlewares/LVGL/lvgl/src/others/sysmon/lv_sysmon.c:315:13:mem_observer_cb	32	static
../Middlewares/LVGL/lvgl/src/others/sysmon/lv_sysmon.c:63:6:lv_sysmon_builtin_init	16	static
../Middlewares/LVGL/lvgl/src/others/sysmon/lv_sysmon.c:73:6:lv_sysmon_builtin_deinit	0	static
../Middlewares/LVGL/lvgl/src/others/sysmon/lv_sysmon.c:80:12:lv_sysmon_create	16	static
../Middlewares/LVGL/lvgl/src/others/sysmon/lv_sysmon.c:100:6:lv_sysmon_show_performance	16	static
../Middlewares/LVGL/lvgl/src/others/sysmon/lv_sysmon.c:127:6:lv_sysmon_hide_performance	8	static
../Middlewares/LVGL/lvgl/src/others/sysmon/lv_sysmon.c:142:6:lv_sysmon_show_memory	8	static
../Middlewares/LVGL/lvgl/src/others/sysmon/lv_sysmon.c:162:6:lv_sysmon_hide_memory	8	static
