../Middlewares/LVGL/lvgl/src/widgets/scale/lv_scale.c:1366:13:scale_find_section_tick_idx	56	static
../Middlewares/LVGL/lvgl/src/widgets/scale/lv_scale.c:1215:13:scale_set_line_properties	32	static
../Middlewares/LVGL/lvgl/src/widgets/scale/lv_scale.c:966:13:scale_get_center	48	static
../Middlewares/LVGL/lvgl/src/widgets/scale/lv_scale.c:992:13:scale_get_tick_points	168	static
../Middlewares/LVGL/lvgl/src/widgets/scale/lv_scale.c:734:13:scale_calculate_main_compensation	200	static
../Middlewares/LVGL/lvgl/src/widgets/scale/lv_scale.c:1159:13:scale_get_label_coords	56	static
../Middlewares/LVGL/lvgl/src/widgets/scale/lv_scale.c:530:13:scale_draw_indicator	552	static
../Middlewares/LVGL/lvgl/src/widgets/scale/lv_scale.c:793:13:scale_draw_main	224	static
../Middlewares/LVGL/lvgl/src/widgets/scale/lv_scale.c:461:13:lv_scale_destructor	16	static
../Middlewares/LVGL/lvgl/src/widgets/scale/lv_scale.c:432:13:lv_scale_constructor	8	static
../Middlewares/LVGL/lvgl/src/widgets/scale/lv_scale.c:1552:13:scale_free_line_needle_points_cb	8	static
../Middlewares/LVGL/lvgl/src/widgets/scale/lv_scale.c:478:13:lv_scale_event	16	static
../Middlewares/LVGL/lvgl/src/widgets/scale/lv_scale.c:92:12:lv_scale_create	8	static
../Middlewares/LVGL/lvgl/src/widgets/scale/lv_scale.c:112:6:lv_scale_set_mode	0	static
../Middlewares/LVGL/lvgl/src/widgets/scale/lv_scale.c:122:6:lv_scale_set_total_tick_count	0	static
../Middlewares/LVGL/lvgl/src/widgets/scale/lv_scale.c:132:6:lv_scale_set_major_tick_every	0	static
../Middlewares/LVGL/lvgl/src/widgets/scale/lv_scale.c:142:6:lv_scale_set_label_show	0	static
../Middlewares/LVGL/lvgl/src/widgets/scale/lv_scale.c:152:6:lv_scale_set_range	0	static
../Middlewares/LVGL/lvgl/src/widgets/scale/lv_scale.c:163:6:lv_scale_set_angle_range	0	static
../Middlewares/LVGL/lvgl/src/widgets/scale/lv_scale.c:173:6:lv_scale_set_rotation	0	static
../Middlewares/LVGL/lvgl/src/widgets/scale/lv_scale.c:183:6:lv_scale_set_line_needle_value	40	static
../Middlewares/LVGL/lvgl/src/widgets/scale/lv_scale.c:265:6:lv_scale_set_image_needle_value	8	static
../Middlewares/LVGL/lvgl/src/widgets/scale/lv_scale.c:288:6:lv_scale_set_text_src	0	static
../Middlewares/LVGL/lvgl/src/widgets/scale/lv_scale.c:305:6:lv_scale_set_post_draw	0	static
../Middlewares/LVGL/lvgl/src/widgets/scale/lv_scale.c:315:6:lv_scale_set_draw_ticks_on_top	0	static
../Middlewares/LVGL/lvgl/src/widgets/scale/lv_scale.c:325:22:lv_scale_add_section	8	static
../Middlewares/LVGL/lvgl/src/widgets/scale/lv_scale.c:350:6:lv_scale_section_set_range	0	static
../Middlewares/LVGL/lvgl/src/widgets/scale/lv_scale.c:358:6:lv_scale_section_set_style	0	static
../Middlewares/LVGL/lvgl/src/widgets/scale/lv_scale.c:382:17:lv_scale_get_mode	0	static
../Middlewares/LVGL/lvgl/src/widgets/scale/lv_scale.c:388:9:lv_scale_get_total_tick_count	0	static
../Middlewares/LVGL/lvgl/src/widgets/scale/lv_scale.c:394:9:lv_scale_get_major_tick_every	0	static
../Middlewares/LVGL/lvgl/src/widgets/scale/lv_scale.c:400:6:lv_scale_get_label_show	0	static
../Middlewares/LVGL/lvgl/src/widgets/scale/lv_scale.c:406:10:lv_scale_get_angle_range	0	static
../Middlewares/LVGL/lvgl/src/widgets/scale/lv_scale.c:412:9:lv_scale_get_range_min_value	0	static
../Middlewares/LVGL/lvgl/src/widgets/scale/lv_scale.c:418:9:lv_scale_get_range_max_value	0	static
